../Core/Src/main.c:41:6:display_test	64	static
../Core/Src/main.c:55:6:OLED_ShowTempHum	88	static
../Core/Src/main.c:80:6:OLED_ShowTempHum_BIG	88	static
../Core/Src/main.c:102:6:ShowNormalScreen	16	static
../Core/Src/main.c:115:6:ShowSleepScreen	16	static
../Core/Src/main.c:201:9:SHT40_CRC8	24	static
../Core/Src/main.c:211:9:SHT40_Read	40	static
../Core/Src/main.c:235:6:OLED_BreathEffect	8	static
../Core/Src/main.c:284:5:main	24	static
../Core/Src/main.c:445:6:SystemClock_Config	88	static
../Core/Src/main.c:490:6:Error_Handler	8	static,ignoring_inline_asm
